0.200 + 0.100 = 0.300
0.300 * 0.300 = 0.090
0.400 / 0.090 = 4.444
0.500 - 4.444 = -3.944
sqrt 0.600 = 0.775
