2 + 1.000 = 3.000
3 * 3.000 = 9.000
4 / 9.000 = 0.444
5 - 0.444 = 4.556
sqrt 6.000 = 2.449
