2 + 1 = 3
5 - 3 = 2
6 * 2 = 12
7 / 12 = 0
sqrt 8 = 2
2.000 + 1.000 = 3.000
5.000 - 3.000 = 2.000
6.000 * 2.000 = 12.000
7.000 / 12.000 = 0.583
sqrt 8.000 = 2.828
0.200 + 0.100 = 0.300
0.500 - 0.300 = 0.200
0.600 * 0.200 = 0.120
0.700 / 0.120 = 5.833
sqrt 0.800 = 0.894
0.200 + 0.100 = 0.300
0.500 - 0.300 = 0.200
0.600 * 0.200 = 0.120
0.700 / 0.120 = 5.833
sqrt 0.800 = 0.894
20.000 + 10 = 30.000
50 - 30.000 = 20.000
60.000 * 20.000 = 1200.000
70 / 1200.000 = 0.058
sqrt 80.000 = 8.944
